Archive member included because of file (symbol)

c:/winavr-20100110/bin/../lib/gcc/avr/4.3.3/avr5\libgcc.a(_exit.o)
                              c:/winavr-20100110/bin/../lib/gcc/avr/4.3.3/../../../../avr/lib/avr5/crtm32.o (exit)
c:/winavr-20100110/bin/../lib/gcc/avr/4.3.3/avr5\libgcc.a(_copy_data.o)
                              ./MCAL/DIO/DIO_config.o (__do_copy_data)
c:/winavr-20100110/bin/../lib/gcc/avr/4.3.3/avr5\libgcc.a(_clear_bss.o)
                              ./MCAL/Timers/Timers.o (__do_clear_bss)

Allocating common symbols
Common symbol       size              file

p2f_OCF0            0x2               ./MCAL/Timers/Timers.o
p2f_INT1            0x2               ./MCAL/Ext_Interrupts/Ext_Interrupts.o
p2f_INT2            0x2               ./MCAL/Ext_Interrupts/Ext_Interrupts.o
p2f_TOV0            0x2               ./MCAL/Timers/Timers.o
p2f_INT0            0x2               ./MCAL/Ext_Interrupts/Ext_Interrupts.o

Memory Configuration

Name             Origin             Length             Attributes
text             0x00000000         0x00020000         xr
data             0x00800060         0x0000ffa0         rw !x
eeprom           0x00810000         0x00010000         rw !x
fuse             0x00820000         0x00000400         rw !x
lock             0x00830000         0x00000400         rw !x
signature        0x00840000         0x00000400         rw !x
*default*        0x00000000         0xffffffff

Linker script and memory map

LOAD c:/winavr-20100110/bin/../lib/gcc/avr/4.3.3/../../../../avr/lib/avr5/crtm32.o
LOAD ./MCAL/Timers/Timers.o
LOAD ./MCAL/Ext_Interrupts/Ext_Interrupts.o
LOAD ./MCAL/DIO/DIO.o
LOAD ./MCAL/DIO/DIO_config.o
LOAD ./ECUAL/LED/LED.o
LOAD ./ECUAL/Button/Button.o
LOAD ./Application/App.o
LOAD ./main.o
LOAD c:/winavr-20100110/bin/../lib/gcc/avr/4.3.3/avr5\libgcc.a
LOAD c:/winavr-20100110/bin/../lib/gcc/avr/4.3.3/../../../../avr/lib/avr5\libc.a
LOAD c:/winavr-20100110/bin/../lib/gcc/avr/4.3.3/avr5\libgcc.a

.hash
 *(.hash)

.dynsym
 *(.dynsym)

.dynstr
 *(.dynstr)

.gnu.version
 *(.gnu.version)

.gnu.version_d
 *(.gnu.version_d)

.gnu.version_r
 *(.gnu.version_r)

.rel.init
 *(.rel.init)

.rela.init
 *(.rela.init)

.rel.text
 *(.rel.text)
 *(.rel.text.*)
 *(.rel.gnu.linkonce.t*)

.rela.text
 *(.rela.text)
 *(.rela.text.*)
 *(.rela.gnu.linkonce.t*)

.rel.fini
 *(.rel.fini)

.rela.fini
 *(.rela.fini)

.rel.rodata
 *(.rel.rodata)
 *(.rel.rodata.*)
 *(.rel.gnu.linkonce.r*)

.rela.rodata
 *(.rela.rodata)
 *(.rela.rodata.*)
 *(.rela.gnu.linkonce.r*)

.rel.data
 *(.rel.data)
 *(.rel.data.*)
 *(.rel.gnu.linkonce.d*)

.rela.data
 *(.rela.data)
 *(.rela.data.*)
 *(.rela.gnu.linkonce.d*)

.rel.ctors
 *(.rel.ctors)

.rela.ctors
 *(.rela.ctors)

.rel.dtors
 *(.rel.dtors)

.rela.dtors
 *(.rela.dtors)

.rel.got
 *(.rel.got)

.rela.got
 *(.rela.got)

.rel.bss
 *(.rel.bss)

.rela.bss
 *(.rela.bss)

.rel.plt
 *(.rel.plt)

.rela.plt
 *(.rela.plt)

.text           0x00000000      0x800
 *(.vectors)
 .vectors       0x00000000       0x54 c:/winavr-20100110/bin/../lib/gcc/avr/4.3.3/../../../../avr/lib/avr5/crtm32.o
                0x00000000                __vectors
                0x00000000                __vector_default
 *(.vectors)
 *(.progmem.gcc*)
 *(.progmem*)
                0x00000054                . = ALIGN (0x2)
                0x00000054                __trampolines_start = .
 *(.trampolines)
 .trampolines   0x00000054        0x0 linker stubs
 *(.trampolines*)
                0x00000054                __trampolines_end = .
 *(.jumptables)
 *(.jumptables*)
 *(.lowtext)
 *(.lowtext*)
                0x00000054                __ctors_start = .
 *(.ctors)
                0x00000054                __ctors_end = .
                0x00000054                __dtors_start = .
 *(.dtors)
                0x00000054                __dtors_end = .
 SORT(*)(.ctors)
 SORT(*)(.dtors)
 *(.init0)
 .init0         0x00000054        0x0 c:/winavr-20100110/bin/../lib/gcc/avr/4.3.3/../../../../avr/lib/avr5/crtm32.o
                0x00000054                __init
 *(.init0)
 *(.init1)
 *(.init1)
 *(.init2)
 .init2         0x00000054        0xc c:/winavr-20100110/bin/../lib/gcc/avr/4.3.3/../../../../avr/lib/avr5/crtm32.o
 *(.init2)
 *(.init3)
 *(.init3)
 *(.init4)
 .init4         0x00000060       0x16 c:/winavr-20100110/bin/../lib/gcc/avr/4.3.3/avr5\libgcc.a(_copy_data.o)
                0x00000060                __do_copy_data
 .init4         0x00000076       0x10 c:/winavr-20100110/bin/../lib/gcc/avr/4.3.3/avr5\libgcc.a(_clear_bss.o)
                0x00000076                __do_clear_bss
 *(.init4)
 *(.init5)
 *(.init5)
 *(.init6)
 *(.init6)
 *(.init7)
 *(.init7)
 *(.init8)
 *(.init8)
 *(.init9)
 .init9         0x00000086        0x8 c:/winavr-20100110/bin/../lib/gcc/avr/4.3.3/../../../../avr/lib/avr5/crtm32.o
 *(.init9)
 *(.text)
 .text          0x0000008e        0x4 c:/winavr-20100110/bin/../lib/gcc/avr/4.3.3/../../../../avr/lib/avr5/crtm32.o
                0x0000008e                __vector_12
                0x0000008e                __bad_interrupt
                0x0000008e                __vector_6
                0x0000008e                __vector_11
                0x0000008e                __vector_13
                0x0000008e                __vector_17
                0x0000008e                __vector_19
                0x0000008e                __vector_7
                0x0000008e                __vector_5
                0x0000008e                __vector_4
                0x0000008e                __vector_9
                0x0000008e                __vector_15
                0x0000008e                __vector_8
                0x0000008e                __vector_14
                0x0000008e                __vector_10
                0x0000008e                __vector_16
                0x0000008e                __vector_18
                0x0000008e                __vector_20
 .text          0x00000092        0x0 ./MCAL/Timers/Timers.o
 .text          0x00000092        0x0 ./MCAL/Ext_Interrupts/Ext_Interrupts.o
 .text          0x00000092        0x0 ./MCAL/DIO/DIO.o
 .text          0x00000092        0x0 ./MCAL/DIO/DIO_config.o
 .text          0x00000092        0x0 ./ECUAL/LED/LED.o
 .text          0x00000092        0x0 ./ECUAL/Button/Button.o
 .text          0x00000092        0x0 ./Application/App.o
 .text          0x00000092        0x0 ./main.o
 .text          0x00000092        0x0 c:/winavr-20100110/bin/../lib/gcc/avr/4.3.3/avr5\libgcc.a(_exit.o)
 .text          0x00000092        0x0 c:/winavr-20100110/bin/../lib/gcc/avr/4.3.3/avr5\libgcc.a(_copy_data.o)
 .text          0x00000092        0x0 c:/winavr-20100110/bin/../lib/gcc/avr/4.3.3/avr5\libgcc.a(_clear_bss.o)
                0x00000092                . = ALIGN (0x2)
 *(.text.*)
 .text.Timers_Init
                0x00000092       0x30 ./MCAL/Timers/Timers.o
                0x00000092                Timers_Init
 .text.TCNT0_Write
                0x000000c2        0x4 ./MCAL/Timers/Timers.o
                0x000000c2                TCNT0_Write
 .text.OCR0_Write
                0x000000c6        0x4 ./MCAL/Timers/Timers.o
                0x000000c6                OCR0_Write
 .text.Timer0_Wait_OVF
                0x000000ca       0x16 ./MCAL/Timers/Timers.o
                0x000000ca                Timer0_Wait_OVF
 .text.Timer0_Wait_OCF
                0x000000e0       0x16 ./MCAL/Timers/Timers.o
                0x000000e0                Timer0_Wait_OCF
 .text.ExtI_Enable
                0x000000f6       0x2e ./MCAL/Ext_Interrupts/Ext_Interrupts.o
                0x000000f6                ExtI_Enable
 .text.ExtI_Init
                0x00000124       0x18 ./MCAL/Ext_Interrupts/Ext_Interrupts.o
                0x00000124                ExtI_Init
 .text.ExtI_Disable
                0x0000013c       0x2e ./MCAL/Ext_Interrupts/Ext_Interrupts.o
                0x0000013c                ExtI_Disable
 .text.SetCallBack_INT0
                0x0000016a        0xa ./MCAL/Ext_Interrupts/Ext_Interrupts.o
                0x0000016a                SetCallBack_INT0
 .text.SetCallBack_INT1
                0x00000174        0xa ./MCAL/Ext_Interrupts/Ext_Interrupts.o
                0x00000174                SetCallBack_INT1
 .text.SetCallBack_INT2
                0x0000017e        0xa ./MCAL/Ext_Interrupts/Ext_Interrupts.o
                0x0000017e                SetCallBack_INT2
 .text.__vector_1
                0x00000188       0x52 ./MCAL/Ext_Interrupts/Ext_Interrupts.o
                0x00000188                __vector_1
 .text.__vector_2
                0x000001da       0x52 ./MCAL/Ext_Interrupts/Ext_Interrupts.o
                0x000001da                __vector_2
 .text.__vector_3
                0x0000022c       0x52 ./MCAL/Ext_Interrupts/Ext_Interrupts.o
                0x0000022c                __vector_3
 .text.Dio_Init
                0x0000027e      0x208 ./MCAL/DIO/DIO.o
                0x0000027e                Dio_Init
 .text.Dio_WriteChannel
                0x00000486      0x110 ./MCAL/DIO/DIO.o
                0x00000486                Dio_WriteChannel
 .text.Dio_ReadChannel
                0x00000596       0x60 ./MCAL/DIO/DIO.o
                0x00000596                Dio_ReadChannel
 .text.Dio_WritePort
                0x000005f6       0x1c ./MCAL/DIO/DIO.o
                0x000005f6                Dio_WritePort
 .text.Dio_FlipChannel
                0x00000612       0x80 ./MCAL/DIO/DIO.o
                0x00000612                Dio_FlipChannel
 .text.Led_Toggle
                0x00000692        0x6 ./ECUAL/LED/LED.o
                0x00000692                Led_Toggle
 .text.Led_Off  0x00000698        0x8 ./ECUAL/LED/LED.o
                0x00000698                Led_Off
 .text.Led_On   0x000006a0        0x8 ./ECUAL/LED/LED.o
                0x000006a0                Led_On
 .text.Button_Read
                0x000006a8        0x6 ./ECUAL/Button/Button.o
                0x000006a8                Button_Read
 .text.delay_512ms
                0x000006ae        0xa ./Application/App.o
                0x000006ae                delay_512ms
 .text.blink_5s
                0x000006b8       0x36 ./Application/App.o
                0x000006b8                blink_5s
 .text.delay_5s
                0x000006ee       0x12 ./Application/App.o
                0x000006ee                delay_5s
 .text.App_Start
                0x00000700       0x76 ./Application/App.o
                0x00000700                App_Start
 .text.pedestrian_mode
                0x00000776       0x7c ./Application/App.o
                0x00000776                pedestrian_mode
 .text.main     0x000007f2        0xa ./main.o
                0x000007f2                main
 .text.libgcc   0x000007fc        0x0 c:/winavr-20100110/bin/../lib/gcc/avr/4.3.3/avr5\libgcc.a(_exit.o)
 .text.libgcc   0x000007fc        0x0 c:/winavr-20100110/bin/../lib/gcc/avr/4.3.3/avr5\libgcc.a(_copy_data.o)
 .text.libgcc   0x000007fc        0x0 c:/winavr-20100110/bin/../lib/gcc/avr/4.3.3/avr5\libgcc.a(_clear_bss.o)
                0x000007fc                . = ALIGN (0x2)
 *(.fini9)
 .fini9         0x000007fc        0x0 c:/winavr-20100110/bin/../lib/gcc/avr/4.3.3/avr5\libgcc.a(_exit.o)
                0x000007fc                exit
                0x000007fc                _exit
 *(.fini9)
 *(.fini8)
 *(.fini8)
 *(.fini7)
 *(.fini7)
 *(.fini6)
 *(.fini6)
 *(.fini5)
 *(.fini5)
 *(.fini4)
 *(.fini4)
 *(.fini3)
 *(.fini3)
 *(.fini2)
 *(.fini2)
 *(.fini1)
 *(.fini1)
 *(.fini0)
 .fini0         0x000007fc        0x4 c:/winavr-20100110/bin/../lib/gcc/avr/4.3.3/avr5\libgcc.a(_exit.o)
 *(.fini0)
                0x00000800                _etext = .

.data           0x00800060       0x1c load address 0x00000800
                0x00800060                PROVIDE (__data_start, .)
 *(.data)
 .data          0x00800060        0x0 c:/winavr-20100110/bin/../lib/gcc/avr/4.3.3/../../../../avr/lib/avr5/crtm32.o
 .data          0x00800060        0x0 ./MCAL/Timers/Timers.o
 .data          0x00800060        0x0 ./MCAL/Ext_Interrupts/Ext_Interrupts.o
 .data          0x00800060        0x0 ./MCAL/DIO/DIO.o
 .data          0x00800060        0x0 ./MCAL/DIO/DIO_config.o
 .data          0x00800060        0x0 ./ECUAL/LED/LED.o
 .data          0x00800060        0x0 ./ECUAL/Button/Button.o
 .data          0x00800060        0x0 ./Application/App.o
 .data          0x00800060        0x0 ./main.o
 .data          0x00800060        0x0 c:/winavr-20100110/bin/../lib/gcc/avr/4.3.3/avr5\libgcc.a(_exit.o)
 .data          0x00800060        0x0 c:/winavr-20100110/bin/../lib/gcc/avr/4.3.3/avr5\libgcc.a(_copy_data.o)
 .data          0x00800060        0x0 c:/winavr-20100110/bin/../lib/gcc/avr/4.3.3/avr5\libgcc.a(_clear_bss.o)
 *(.data*)
 .data.pin_array
                0x00800060       0x1c ./MCAL/DIO/DIO_config.o
                0x00800060                pin_array
 *(.rodata)
 *(.rodata*)
 *(.gnu.linkonce.d*)
                0x0080007c                . = ALIGN (0x2)
                0x0080007c                _edata = .
                0x0080007c                PROVIDE (__data_end, .)

.bss            0x0080007c        0xa
                0x0080007c                PROVIDE (__bss_start, .)
 *(.bss)
 .bss           0x0080007c        0x0 c:/winavr-20100110/bin/../lib/gcc/avr/4.3.3/../../../../avr/lib/avr5/crtm32.o
 .bss           0x0080007c        0x0 ./MCAL/Timers/Timers.o
 .bss           0x0080007c        0x0 ./MCAL/Ext_Interrupts/Ext_Interrupts.o
 .bss           0x0080007c        0x0 ./MCAL/DIO/DIO.o
 .bss           0x0080007c        0x0 ./MCAL/DIO/DIO_config.o
 .bss           0x0080007c        0x0 ./ECUAL/LED/LED.o
 .bss           0x0080007c        0x0 ./ECUAL/Button/Button.o
 .bss           0x0080007c        0x0 ./Application/App.o
 .bss           0x0080007c        0x0 ./main.o
 .bss           0x0080007c        0x0 c:/winavr-20100110/bin/../lib/gcc/avr/4.3.3/avr5\libgcc.a(_exit.o)
 .bss           0x0080007c        0x0 c:/winavr-20100110/bin/../lib/gcc/avr/4.3.3/avr5\libgcc.a(_copy_data.o)
 .bss           0x0080007c        0x0 c:/winavr-20100110/bin/../lib/gcc/avr/4.3.3/avr5\libgcc.a(_clear_bss.o)
 *(.bss*)
 *(COMMON)
 COMMON         0x0080007c        0x4 ./MCAL/Timers/Timers.o
                0x0080007c                p2f_OCF0
                0x0080007e                p2f_TOV0
 COMMON         0x00800080        0x6 ./MCAL/Ext_Interrupts/Ext_Interrupts.o
                0x00800080                p2f_INT1
                0x00800082                p2f_INT2
                0x00800084                p2f_INT0
                0x00800086                PROVIDE (__bss_end, .)
                0x00000800                __data_load_start = LOADADDR (.data)
                0x0000081c                __data_load_end = (__data_load_start + SIZEOF (.data))

.noinit         0x00800086        0x0
                0x00800086                PROVIDE (__noinit_start, .)
 *(.noinit*)
                0x00800086                PROVIDE (__noinit_end, .)
                0x00800086                _end = .
                0x00800086                PROVIDE (__heap_start, .)

.eeprom         0x00810000        0x0
 *(.eeprom*)
                0x00810000                __eeprom_end = .

.fuse
 *(.fuse)
 *(.lfuse)
 *(.hfuse)
 *(.efuse)

.lock
 *(.lock*)

.signature
 *(.signature*)

.stab           0x00000000     0x2028
 *(.stab)
 .stab          0x00000000      0x5ac ./MCAL/Timers/Timers.o
 .stab          0x000005ac      0x51c ./MCAL/Ext_Interrupts/Ext_Interrupts.o
                                0x6d8 (size before relaxing)
 .stab          0x00000ac8      0x69c ./MCAL/DIO/DIO.o
                                0x858 (size before relaxing)
 .stab          0x00001164       0xfc ./MCAL/DIO/DIO_config.o
                                0x1bc (size before relaxing)
 .stab          0x00001260      0x324 ./ECUAL/LED/LED.o
                                0x4e0 (size before relaxing)
 .stab          0x00001584      0x2c4 ./ECUAL/Button/Button.o
                                0x480 (size before relaxing)
 .stab          0x00001848      0x63c ./Application/App.o
                                0x7f8 (size before relaxing)
 .stab          0x00001e84      0x1a4 ./main.o
                                0x4d4 (size before relaxing)

.stabstr        0x00000000     0x17c1
 *(.stabstr)
 .stabstr       0x00000000     0x17c1 ./MCAL/Timers/Timers.o

.stab.excl
 *(.stab.excl)

.stab.exclstr
 *(.stab.exclstr)

.stab.index
 *(.stab.index)

.stab.indexstr
 *(.stab.indexstr)

.comment
 *(.comment)

.debug
 *(.debug)

.line
 *(.line)

.debug_srcinfo
 *(.debug_srcinfo)

.debug_sfnames
 *(.debug_sfnames)

.debug_aranges
 *(.debug_aranges)

.debug_pubnames
 *(.debug_pubnames)

.debug_info
 *(.debug_info)
 *(.gnu.linkonce.wi.*)

.debug_abbrev
 *(.debug_abbrev)

.debug_line
 *(.debug_line)

.debug_frame
 *(.debug_frame)

.debug_str
 *(.debug_str)

.debug_loc
 *(.debug_loc)

.debug_macinfo
 *(.debug_macinfo)
OUTPUT(egFWD.elf elf32-avr)
LOAD linker stubs
